// Jest Snapshot v1, https://goo.gl/fbAQLP

exports[`CampaignCard component renders correctly 1`] = `
<body>
  <div>
    <div
      class="rounded-lg bg-white text-card-foreground shadow-sm flex flex-col w-[350px] h-[350px]"
    >
      <img
        alt="image"
        class="w-full rounded-t-lg"
        data-nimg="1"
        decoding="async"
        fetchpriority="high"
        height="200"
        src="/_next/image?url=https%3A%2F%2Fimages.unsplash.com%2Fphoto-1564406836777-5964b5c6c3a5%3Fcrop%3Dentropy%26cs%3Dtinysrgb%26fit%3Dmax%26fm%3Djpg%26ixid%3DMnwxfDB8MXxyYW5kb218MHx8d2FsbHBhcGVyc3x8fHx8fDE3MTU4NzgwNDQ%26ixlib%3Drb-4.0.3%26q%3D80%26utm_campaign%3Dapi-credit%26utm_medium%3Dreferral%26utm_source%3Dunsplash_source%26w%3D1080&w=750&q=75"
        srcset="/_next/image?url=https%3A%2F%2Fimages.unsplash.com%2Fphoto-1564406836777-5964b5c6c3a5%3Fcrop%3Dentropy%26cs%3Dtinysrgb%26fit%3Dmax%26fm%3Djpg%26ixid%3DMnwxfDB8MXxyYW5kb218MHx8d2FsbHBhcGVyc3x8fHx8fDE3MTU4NzgwNDQ%26ixlib%3Drb-4.0.3%26q%3D80%26utm_campaign%3Dapi-credit%26utm_medium%3Dreferral%26utm_source%3Dunsplash_source%26w%3D1080&w=384&q=75 1x, /_next/image?url=https%3A%2F%2Fimages.unsplash.com%2Fphoto-1564406836777-5964b5c6c3a5%3Fcrop%3Dentropy%26cs%3Dtinysrgb%26fit%3Dmax%26fm%3Djpg%26ixid%3DMnwxfDB8MXxyYW5kb218MHx8d2FsbHBhcGVyc3x8fHx8fDE3MTU4NzgwNDQ%26ixlib%3Drb-4.0.3%26q%3D80%26utm_campaign%3Dapi-credit%26utm_medium%3Dreferral%26utm_source%3Dunsplash_source%26w%3D1080&w=750&q=75 2x"
        style="color: transparent;"
        width="350"
      />
      <div
        class="flex justify-between p-6 items-center"
      >
        <div
          class="flex flex-col"
        >
          <h3
            class="font-semibold tracking-tight text-2xl"
          >
            Campaign1_User1
          </h3>
          <p
            class="text-sm text-muted-foreground"
          >
            2024-07-14
          </p>
        </div>
        <button
          aria-checked="true"
          class="peer inline-flex h-6 w-11 shrink-0 cursor-pointer items-center rounded-full border-2 border-transparent transition-colors focus-visible:outline-none focus-visible:ring-2 focus-visible:ring-ring focus-visible:ring-offset-2 focus-visible:ring-offset-background disabled:cursor-not-allowed disabled:opacity-50 data-[state=checked]:bg-secondary data-[state=unchecked]:bg-input"
          data-state="checked"
          role="switch"
          type="button"
          value="on"
        >
          <span
            class="pointer-events-none block h-5 w-5 rounded-full bg-background shadow-lg ring-0 transition-transform data-[state=checked]:translate-x-5 data-[state=unchecked]:translate-x-0"
            data-state="checked"
          />
        </button>
      </div>
      <div
        class="items-center p-6 pt-0 flex justify-between"
      >
        <div>
          <div
            class="inline-flex items-center rounded-full border px-2.5 py-0.5 text-xs font-semibold transition-colors focus:outline-none focus:ring-2 focus:ring-ring focus:ring-offset-2 border-transparent bg-primary text-primary-foreground hover:bg-primary/80"
          >
            0
             urls
          </div>
          <div
            class="inline-flex items-center rounded-full border px-2.5 py-0.5 text-xs font-semibold transition-colors focus:outline-none focus:ring-2 focus:ring-ring focus:ring-offset-2 border-transparent bg-primary text-primary-foreground hover:bg-primary/80 ml-2"
          >
            NaN
             tests / day
          </div>
        </div>
        <a
          href="/dashboard/campaign/details/1"
        >
          <button
            class="inline-flex items-center justify-center whitespace-nowrap rounded-md text-sm font-medium ring-offset-background transition-colors focus-visible:outline-none focus-visible:ring-2 focus-visible:ring-ring focus-visible:ring-offset-2 disabled:pointer-events-none disabled:opacity-50 bg-secondary hover:bg-secondary/90 hover:text-accent-foreground h-10 px-4 py-2"
            data-testid="watch-button"
          >
            Details
          </button>
        </a>
      </div>
    </div>
  </div>
</body>
`;
